// Jest Snapshot v1, https://goo.gl/fbAQLP

exports[`snapshot basic 1`] = `
"<section class="yozora-markdown"><main><p class="yozora-paragraph"><span class="yozora-text">A monorepo contains renderers for rendering </span><a class="yozora-link" href="https://www.npmjs.com/package/@yozora/ast" title="https://www.npmjs.com/package/@yozora/ast" target="_blank" rel="noopener,noreferrer"><span class="yozora-text">yozora ast</span></a><span class="yozora-text"> into HTML strings.
See </span><a class="yozora-link" href="https://yozora.guanghechen.com" title="https://yozora.guanghechen.com" target="_blank" rel="noopener,noreferrer"><span class="yozora-text">https://yozora.guanghechen.com</span></a><span class="yozora-text"> for details.</span></p><p class="yozora-paragraph"><span class="yozora-text">Use </span><a class="yozora-link" href="https://github.com/yozorajs/yozora-html/tree/main/packages/html-markdown#readme" title="https://github.com/yozorajs/yozora-html/tree/main/packages/html-markdown#readme" target="_blank" rel="noopener,noreferrer"><span class="yozora-text">@yozora/html-markdown</span></a><span class="yozora-text"> to render the </span><a class="yozora-link" href="https://www.npmjs.com/package/@yozora/ast#root" title="https://www.npmjs.com/package/@yozora/ast#root" target="_blank" rel="noopener,noreferrer"><span class="yozora-text">Root</span></a><span class="yozora-text"> of Yozora ast.</span></p><h2 class="yozora-heading"><span class="yozora-text">Overview</span></h2><h3 class="yozora-heading"><span class="yozora-text">Markdown components</span></h3><h3 class="yozora-heading"><span class="yozora-text">Other components</span></h3><div className="yozora-footnote-definition"><p className="yozora-footnote-definition__title yozora-paragraph"><a href="#reference-foo-2">&uarr;</a><span>&nbsp;[foo-2]:&nbsp;</span></p><div className="yozora-footnote-definition__content"><p class="yozora-paragraph"><span class="yozora-text">This is a footnote definition.</span></p></div></div></main><footer><div class="yozora-footnote-definitions"><div class="yozora-footnote-definitions__title">footnote-definitions</div><ul class="yozora-footnote-definitions__main"><div className="yozora-footnote-definition"><p className="yozora-footnote-definition__title yozora-paragraph"><a href="#reference-foo-2">&uarr;</a><span>&nbsp;[foo-2]:&nbsp;</span></p><div className="yozora-footnote-definition__content"><p class="yozora-paragraph"><span class="yozora-text">This is a footnote definition.</span></p></div></div></ul></div></footer></section>"
`;
