// Jest Snapshot v1, https://goo.gl/fbAQLP

exports[`snapshot basic 1`] = `"<table class="yozora-table-item"><thead class="yozora-table__thead"><tr class="yozora-table-row"><th class="yozora-table-cell" align="center"><span class="yozora-text">abc</span></th><th class="yozora-table-cell" align="right"><span class="yozora-text">defghi</span></th><th class="yozora-table-cell"><span class="yozora-text">xyz</span></th></tr></thead><tbody class="yozora-table__tbody"><tr class="yozora-table-row"><td class="yozora-table-cell" align="center"><span class="yozora-text">bar</span></td><td class="yozora-table-cell" align="right"><span class="yozora-text">baz</span></td><td class="yozora-table-cell"><span class="yozora-text">defghi</span></td></tr></tbody></table>"`;
