// Jest Snapshot v1, https://goo.gl/fbAQLP

exports[`snapshot basic 1`] = `"<code class="yozora-inline-code">dijkstra</code>"`;
