// Jest Snapshot v1, https://goo.gl/fbAQLP

exports[`snapshot basic 1`] = `"<hr class=\\"yozora-thematic-break\\" />"`;
