// Jest Snapshot v1, https://goo.gl/fbAQLP

exports[`snapshot basic 1`] = `
"<code class="yozora-code"><pre>multiple
literal
texts</pre></code>"
`;

exports[`snapshot javascript 1`] = `
"<code class="yozora-code"><pre><span class="token keyword">const</span> a <span class="token operator">=</span> <span class="token number">1</span>
<span class="token keyword">const</span> b <span class="token operator">=</span> <span class="token number">2</span>
console<span class="token punctuation">.</span><span class="token function">log</span><span class="token punctuation">(</span><span class="token string">"a + b ="</span><span class="token punctuation">,</span> a <span class="token operator">+</span> b<span class="token punctuation">)</span>
</pre></code>"
`;
