// Jest Snapshot v1, https://goo.gl/fbAQLP

exports[`snapshot basic 1`] = `"<h1 className=\\"yozora-heading\\"><p className=\\"yozora-heading__content\\"><span class=\\"yozora-text\\">yozora is cool!</span></p></h1>"`;

exports[`snapshot basic-2 1`] = `"<h6 id=\\"waw\\" className=\\"yozora-heading yozora-heading--toc\\"><p className=\\"yozora-heading__content\\"><em class=\\"yozora-emphasis\\"><span class=\\"yozora-text\\">Hello</span></em><span class=\\"yozora-text\\">, </span><strong class=\\"yozora-strong\\"><span class=\\"yozora-text\\">World</span></strong></p><a className=\\"yozora-heading__anchor\\" href=\\"#waw\\"><em class=\\"yozora-emphasis\\"><span class=\\"yozora-text\\">Hello</span></em><span class=\\"yozora-text\\">, </span><strong class=\\"yozora-strong\\"><span class=\\"yozora-text\\">World</span></strong></a></h6>"`;
