// Jest Snapshot v1, https://goo.gl/fbAQLP

exports[`snapshot basic 1`] = `"<span class=\\"yozora-inline-math\\">$x^2 + y^2 = z^2$</span>"`;
