// Jest Snapshot v1, https://goo.gl/fbAQLP

exports[`snapshot basic 1`] = `"<div class=\\"yozora-math\\">$$x^2 + y^2 = z^2$$</div>"`;
