// Jest Snapshot v1, https://goo.gl/fbAQLP

exports[`snapshot basic 1`] = `"<ul class="yozora-list"><li class="yozora-list-item"><p class="yozora-paragraph"><span class="yozora-text">a</span></p></li><li class="yozora-list-item"><p class="yozora-paragraph"><span class="yozora-text">b</span></p></li></ul>"`;

exports[`snapshot ordered 1`] = `"<ol class="yozora-list" start="1"><li class="yozora-list-item"><span class="yozora-text">a</span></li><li class="yozora-list-item"><span class="yozora-text">b</span></li><li class="yozora-list-item"><span class="yozora-text">c</span></li></ol>"`;

exports[`snapshot todo 1`] = `"<ul class="yozora-list"><li class="yozora-list-item"><input disabled="" type="checkbox" /> <span class="yozora-text">foo</span></li><li class="yozora-list-item"><input checked="" disabled="" type="checkbox" /> <span class="yozora-text">bar</span></li></ul>"`;
