// Jest Snapshot v1, https://goo.gl/fbAQLP

exports[`snapshot basic 1`] = `
"<div class=\\"yozora-markdown\\"><section><p class=\\"yozora-paragraph\\"><span class=\\"yozora-text\\">A monorepo contains renderers for rendering </span><a class=\\"yozora-link\\" href=\\"https://www.npmjs.com/package/@yozora/ast\\" title=\\"https://www.npmjs.com/package/@yozora/ast\\" target=\\"_blank\\" rel=\\"noopener,noreferrer\\"></a><span class=\\"yozora-text\\"> into HTML strings.
See </span><a class=\\"yozora-link\\" href=\\"https://yozora.guanghechen.com\\" title=\\"https://yozora.guanghechen.com\\" target=\\"_blank\\" rel=\\"noopener,noreferrer\\"><span class=\\"yozora-text\\">https://yozora.guanghechen.com</span></a><span class=\\"yozora-text\\"> for details.</span></p><p class=\\"yozora-paragraph\\"><span class=\\"yozora-text\\">Use </span><a class=\\"yozora-link\\" href=\\"https://github.com/yozorajs/yozora-html/tree/main/packages/markdown#readme\\" title=\\"https://github.com/yozorajs/yozora-html/tree/main/packages/markdown#readme\\" target=\\"_blank\\" rel=\\"noopener,noreferrer\\"></a><span class=\\"yozora-text\\"> to render the </span><a class=\\"yozora-link\\" href=\\"https://www.npmjs.com/package/@yozora/ast#root\\" title=\\"https://www.npmjs.com/package/@yozora/ast#root\\" target=\\"_blank\\" rel=\\"noopener,noreferrer\\"></a><span class=\\"yozora-text\\"> of Yozora ast.</span></p><h2 className=\\"yozora-heading\\"><p className=\\"yozora-heading__content\\"><span class=\\"yozora-text\\">Overview</span></p></h2><h3 className=\\"yozora-heading\\"><p className=\\"yozora-heading__content\\"><span class=\\"yozora-text\\">Markdown components</span></p></h3><h3 className=\\"yozora-heading\\"><p className=\\"yozora-heading__content\\"><span class=\\"yozora-text\\">Other components</span></p></h3></section><footer><div class=\\"yozora-footnote-definition\\"><div class=\\"yozora-footnote-definition__title\\">footnote-definition</div><ul class=\\"yozora-footnote-definition__main\\"><li id=foo-2 class=\\"yozora-footnote-definition\\"><p class=\\"yozora-footnote-definition__title yozora-paragraph\\"><a href=#reference-foo-2>&uarr;</a><span>foo-2</span></p><div class=\\"yozora-footnote-definition__content\\"><p class=\\"yozora-paragraph\\"><span class=\\"yozora-text\\">This is a footnote definition.</span></p></div></li></ul></div></footer></div>"
`;
