// Jest Snapshot v1, https://goo.gl/fbAQLP

exports[`snapshot basic 1`] = `"<em class=\\"yozora-emphasis\\"><span class=\\"yozora-text\\">Hello</span><span class=\\"yozora-text\\">World</span></em>"`;
